Archive member included because of file (symbol)

src/libpic32.a(default-bootstrap-exception-handler.o)
                              /tmp/ccyWvHmd.o (_bootstrap_exception_handler)
src/libpic32.a(default-on-reset.o)
                              /tmp/ccyWvHmd.o (_on_reset)
src/libpic32.a(default-on-bootstrap.o)
                              /tmp/ccyWvHmd.o (_on_bootstrap)
src/libpic32.a(default-nmi-handler.o)
                              /tmp/ccyWvHmd.o (_nmi_handler)
src/libpic32.a(pic32_software_reset.o)
                              src/libpic32.a(default-bootstrap-exception-handler.o) (__pic32_software_reset)
src/libpic32.a(general-exception.o)
                              /tmp/ccyWvHmd.o (_general_exception_context)
src/libpic32.a(default-general-exception-handler.o)
                              src/libpic32.a(general-exception.o) (_general_exception_handler)

Allocating common symbols
Common symbol       size              file

token_type_indicator_bits
                    0x4               /tmp/ccg3qiEv.o

Discarded input sections

 .reginfo       0x0000000000000000       0x18 include/non-free/32MX440F256H/processor.o
 .reginfo       0x0000000000000000       0x18 /tmp/ccyWvHmd.o
 .reginfo       0x0000000000000000       0x18 src/libpic32.a(default-bootstrap-exception-handler.o)
 .reginfo       0x0000000000000000       0x18 src/libpic32.a(default-on-reset.o)
 .reginfo       0x0000000000000000       0x18 src/libpic32.a(default-on-bootstrap.o)
 .reginfo       0x0000000000000000       0x18 src/libpic32.a(default-nmi-handler.o)
 .reginfo       0x0000000000000000       0x18 src/libpic32.a(pic32_software_reset.o)
 .reginfo       0x0000000000000000       0x18 src/libpic32.a(general-exception.o)
 .reginfo       0x0000000000000000       0x18 src/libpic32.a(default-general-exception-handler.o)
 .reginfo       0x0000000000000000       0x18 /tmp/ccg3qiEv.o

Memory Configuration

Name             Origin             Length             Attributes
kseg0_program_mem 0x000000009d000000 0x0000000000005000 xr
kseg0_boot_mem   0x000000009fc00490 0x0000000000000970
exception_mem    0x000000009fc01000 0x0000000000001000
kseg1_boot_mem   0x00000000bfc00000 0x0000000000000490
debug_exec_mem   0x00000000bfc02000 0x0000000000000ff0
config3          0x00000000bfc02ff0 0x0000000000000004
config2          0x00000000bfc02ff4 0x0000000000000004
config1          0x00000000bfc02ff8 0x0000000000000004
config0          0x00000000bfc02ffc 0x0000000000000004
kseg1_data_mem   0x00000000a0000000 0x0000000000008000 w !x
sfrs             0x00000000bf800000 0x0000000000100000
configsfrs       0x00000000bfc02ff0 0x0000000000000010
*default*        0x0000000000000000 0xffffffffffffffff

Linker script and memory map

LOAD /tmp/ccKU5XtV.o
LOAD include/non-free/32MX440F256H/processor.o
LOAD /tmp/ccyWvHmd.o
LOAD src/libpic32.a
LOAD /tmp/ccg3qiEv.o
LOAD /home/agolac/Downloads/ide/x.4/linux/p32/bin/../lib/gcc/mips-elf/4.5.2/soft-float/el/libgcc.a
LOAD /home/agolac/Downloads/ide/x.4/linux/p32/bin/../lib/gcc/mips-elf/4.5.2/soft-float/el/libgcc.a
                0x0000000000000400                PROVIDE (_min_stack_size, 0x400)
                0x0000000000000200                PROVIDE (_min_heap_size, 0x200)
                0x00000000bfc02000                PROVIDE (_DBG_CODE_ADDR, 0xbfc02000)
                0x0000000000000ff0                PROVIDE (_DBG_CODE_SIZE, 0xff0)
                0x0000000000000001                PROVIDE (_vector_spacing, 0x1)
                0x000000009fc01000                _ebase_address = 0x9fc01000
                0x00000000bfc00000                _RESET_ADDR = 0xbfc00000
                0x00000000bfc00380                _BEV_EXCPT_ADDR = 0xbfc00380
                0x00000000bfc00480                _DBG_EXCPT_ADDR = 0xbfc00480
                0x00000000bfc02000                _DBG_CODE_ADDR = 0xbfc02000
                0x0000000000000ff0                _DBG_CODE_SIZE = 0xff0
                0x000000009fc01180                _GEN_EXCPT_ADDR = (_ebase_address + 0x180)

.config_BFC02FF0
 *(.config_BFC02FF0)

.config_BFC02FF4
 *(.config_BFC02FF4)

.config_BFC02FF8
 *(.config_BFC02FF8)

.config_BFC02FFC
 *(.config_BFC02FFC)

.reset          0x00000000bfc00000       0x10
 *(.reset)
 .reset         0x00000000bfc00000       0x10 /tmp/ccyWvHmd.o
                0x00000000bfc00000                _reset
 *(.reset.startup)
 *(.reset)

.bev_excpt      0x00000000bfc00380       0x10
 *(.bev_handler)
 .bev_handler   0x00000000bfc00380       0x10 /tmp/ccyWvHmd.o
 *(.bev_handler)

.dbg_excpt      0x00000000bfc00480        0x0
                0x00000000bfc00480                . = (. + DEFINED (_DEBUGGER)?0x8:0x0)
                0x00000000bfc00480                . = (. + DEFINED (_DEBUGGER)?0x8:0x0)

.dbg_code       0x00000000bfc02000        0x0
                0x00000000bfc02000                . = (. + DEFINED (_DEBUGGER)?_DBG_CODE_SIZE:0x0)
                0x00000000bfc02000                . = (. + DEFINED (_DEBUGGER)?0xff0:0x0)

.app_excpt      0x000000009fc01180       0x10
 *(.gen_handler)
 .gen_handler   0x000000009fc01180       0x10 /tmp/ccyWvHmd.o
 *(.gen_handler)
                0x0000000000000400                PROVIDE (_min_stack_size, 0x400)
                0x0000000000000000                PROVIDE (_min_heap_size, 0x0)

.vector_0       0x000000009fc01200        0x0
 *(.vector_0)
                0x0000000000000001                ASSERT (((_vector_spacing == 0x0) || (SIZEOF (.vector_0) <= (_vector_spacing << 0x5))), function at exception vector 0 too large)

.vector_1       0x000000009fc01220        0x0
 *(.vector_1)
                0x0000000000000001                ASSERT (((_vector_spacing == 0x0) || (SIZEOF (.vector_1) <= (_vector_spacing << 0x5))), function at exception vector 1 too large)

.vector_2       0x000000009fc01240        0x0
 *(.vector_2)
                0x0000000000000001                ASSERT (((_vector_spacing == 0x0) || (SIZEOF (.vector_2) <= (_vector_spacing << 0x5))), function at exception vector 2 too large)

.vector_3       0x000000009fc01260        0x0
 *(.vector_3)
                0x0000000000000001                ASSERT (((_vector_spacing == 0x0) || (SIZEOF (.vector_3) <= (_vector_spacing << 0x5))), function at exception vector 3 too large)

.vector_4       0x000000009fc01280        0x0
 *(.vector_4)
                0x0000000000000001                ASSERT (((_vector_spacing == 0x0) || (SIZEOF (.vector_4) <= (_vector_spacing << 0x5))), function at exception vector 4 too large)

.vector_5       0x000000009fc012a0        0x0
 *(.vector_5)
                0x0000000000000001                ASSERT (((_vector_spacing == 0x0) || (SIZEOF (.vector_5) <= (_vector_spacing << 0x5))), function at exception vector 5 too large)

.vector_6       0x000000009fc012c0        0x0
 *(.vector_6)
                0x0000000000000001                ASSERT (((_vector_spacing == 0x0) || (SIZEOF (.vector_6) <= (_vector_spacing << 0x5))), function at exception vector 6 too large)

.vector_7       0x000000009fc012e0        0x0
 *(.vector_7)
                0x0000000000000001                ASSERT (((_vector_spacing == 0x0) || (SIZEOF (.vector_7) <= (_vector_spacing << 0x5))), function at exception vector 7 too large)

.vector_8       0x000000009fc01300        0x0
 *(.vector_8)
                0x0000000000000001                ASSERT (((_vector_spacing == 0x0) || (SIZEOF (.vector_8) <= (_vector_spacing << 0x5))), function at exception vector 8 too large)

.vector_9       0x000000009fc01320        0x0
 *(.vector_9)
                0x0000000000000001                ASSERT (((_vector_spacing == 0x0) || (SIZEOF (.vector_9) <= (_vector_spacing << 0x5))), function at exception vector 9 too large)

.vector_10      0x000000009fc01340        0x0
 *(.vector_10)
                0x0000000000000001                ASSERT (((_vector_spacing == 0x0) || (SIZEOF (.vector_10) <= (_vector_spacing << 0x5))), function at exception vector 10 too large)

.vector_11      0x000000009fc01360        0x0
 *(.vector_11)
                0x0000000000000001                ASSERT (((_vector_spacing == 0x0) || (SIZEOF (.vector_11) <= (_vector_spacing << 0x5))), function at exception vector 11 too large)

.vector_12      0x000000009fc01380        0x0
 *(.vector_12)
                0x0000000000000001                ASSERT (((_vector_spacing == 0x0) || (SIZEOF (.vector_12) <= (_vector_spacing << 0x5))), function at exception vector 12 too large)

.vector_13      0x000000009fc013a0        0x0
 *(.vector_13)
                0x0000000000000001                ASSERT (((_vector_spacing == 0x0) || (SIZEOF (.vector_13) <= (_vector_spacing << 0x5))), function at exception vector 13 too large)

.vector_14      0x000000009fc013c0        0x0
 *(.vector_14)
                0x0000000000000001                ASSERT (((_vector_spacing == 0x0) || (SIZEOF (.vector_14) <= (_vector_spacing << 0x5))), function at exception vector 14 too large)

.vector_15      0x000000009fc013e0        0x0
 *(.vector_15)
                0x0000000000000001                ASSERT (((_vector_spacing == 0x0) || (SIZEOF (.vector_15) <= (_vector_spacing << 0x5))), function at exception vector 15 too large)

.vector_16      0x000000009fc01400        0x0
 *(.vector_16)
                0x0000000000000001                ASSERT (((_vector_spacing == 0x0) || (SIZEOF (.vector_16) <= (_vector_spacing << 0x5))), function at exception vector 16 too large)

.vector_17      0x000000009fc01420        0x0
 *(.vector_17)
                0x0000000000000001                ASSERT (((_vector_spacing == 0x0) || (SIZEOF (.vector_17) <= (_vector_spacing << 0x5))), function at exception vector 17 too large)

.vector_18      0x000000009fc01440        0x0
 *(.vector_18)
                0x0000000000000001                ASSERT (((_vector_spacing == 0x0) || (SIZEOF (.vector_18) <= (_vector_spacing << 0x5))), function at exception vector 18 too large)

.vector_19      0x000000009fc01460        0x0
 *(.vector_19)
                0x0000000000000001                ASSERT (((_vector_spacing == 0x0) || (SIZEOF (.vector_19) <= (_vector_spacing << 0x5))), function at exception vector 19 too large)

.vector_20      0x000000009fc01480        0x0
 *(.vector_20)
                0x0000000000000001                ASSERT (((_vector_spacing == 0x0) || (SIZEOF (.vector_20) <= (_vector_spacing << 0x5))), function at exception vector 20 too large)

.vector_21      0x000000009fc014a0        0x0
 *(.vector_21)
                0x0000000000000001                ASSERT (((_vector_spacing == 0x0) || (SIZEOF (.vector_21) <= (_vector_spacing << 0x5))), function at exception vector 21 too large)

.vector_22      0x000000009fc014c0        0x0
 *(.vector_22)
                0x0000000000000001                ASSERT (((_vector_spacing == 0x0) || (SIZEOF (.vector_22) <= (_vector_spacing << 0x5))), function at exception vector 22 too large)

.vector_23      0x000000009fc014e0        0x0
 *(.vector_23)
                0x0000000000000001                ASSERT (((_vector_spacing == 0x0) || (SIZEOF (.vector_23) <= (_vector_spacing << 0x5))), function at exception vector 23 too large)

.vector_24      0x000000009fc01500        0x0
 *(.vector_24)
                0x0000000000000001                ASSERT (((_vector_spacing == 0x0) || (SIZEOF (.vector_24) <= (_vector_spacing << 0x5))), function at exception vector 24 too large)

.vector_25      0x000000009fc01520        0x0
 *(.vector_25)
                0x0000000000000001                ASSERT (((_vector_spacing == 0x0) || (SIZEOF (.vector_25) <= (_vector_spacing << 0x5))), function at exception vector 25 too large)

.vector_26      0x000000009fc01540        0x0
 *(.vector_26)
                0x0000000000000001                ASSERT (((_vector_spacing == 0x0) || (SIZEOF (.vector_26) <= (_vector_spacing << 0x5))), function at exception vector 26 too large)

.vector_27      0x000000009fc01560        0x0
 *(.vector_27)
                0x0000000000000001                ASSERT (((_vector_spacing == 0x0) || (SIZEOF (.vector_27) <= (_vector_spacing << 0x5))), function at exception vector 27 too large)

.vector_28      0x000000009fc01580        0x0
 *(.vector_28)
                0x0000000000000001                ASSERT (((_vector_spacing == 0x0) || (SIZEOF (.vector_28) <= (_vector_spacing << 0x5))), function at exception vector 28 too large)

.vector_29      0x000000009fc015a0        0x0
 *(.vector_29)
                0x0000000000000001                ASSERT (((_vector_spacing == 0x0) || (SIZEOF (.vector_29) <= (_vector_spacing << 0x5))), function at exception vector 29 too large)

.vector_30      0x000000009fc015c0        0x0
 *(.vector_30)
                0x0000000000000001                ASSERT (((_vector_spacing == 0x0) || (SIZEOF (.vector_30) <= (_vector_spacing << 0x5))), function at exception vector 30 too large)

.vector_31      0x000000009fc015e0        0x0
 *(.vector_31)
                0x0000000000000001                ASSERT (((_vector_spacing == 0x0) || (SIZEOF (.vector_31) <= (_vector_spacing << 0x5))), function at exception vector 31 too large)

.vector_32      0x000000009fc01600        0x0
 *(.vector_32)
                0x0000000000000001                ASSERT (((_vector_spacing == 0x0) || (SIZEOF (.vector_32) <= (_vector_spacing << 0x5))), function at exception vector 32 too large)

.vector_33      0x000000009fc01620        0x0
 *(.vector_33)
                0x0000000000000001                ASSERT (((_vector_spacing == 0x0) || (SIZEOF (.vector_33) <= (_vector_spacing << 0x5))), function at exception vector 33 too large)

.vector_34      0x000000009fc01640        0x0
 *(.vector_34)
                0x0000000000000001                ASSERT (((_vector_spacing == 0x0) || (SIZEOF (.vector_34) <= (_vector_spacing << 0x5))), function at exception vector 34 too large)

.vector_35      0x000000009fc01660        0x0
 *(.vector_35)
                0x0000000000000001                ASSERT (((_vector_spacing == 0x0) || (SIZEOF (.vector_35) <= (_vector_spacing << 0x5))), function at exception vector 35 too large)

.vector_36      0x000000009fc01680        0x0
 *(.vector_36)
                0x0000000000000001                ASSERT (((_vector_spacing == 0x0) || (SIZEOF (.vector_36) <= (_vector_spacing << 0x5))), function at exception vector 36 too large)

.vector_37      0x000000009fc016a0        0x0
 *(.vector_37)
                0x0000000000000001                ASSERT (((_vector_spacing == 0x0) || (SIZEOF (.vector_37) <= (_vector_spacing << 0x5))), function at exception vector 37 too large)

.vector_38      0x000000009fc016c0        0x0
 *(.vector_38)
                0x0000000000000001                ASSERT (((_vector_spacing == 0x0) || (SIZEOF (.vector_38) <= (_vector_spacing << 0x5))), function at exception vector 38 too large)

.vector_39      0x000000009fc016e0        0x0
 *(.vector_39)
                0x0000000000000001                ASSERT (((_vector_spacing == 0x0) || (SIZEOF (.vector_39) <= (_vector_spacing << 0x5))), function at exception vector 39 too large)

.vector_40      0x000000009fc01700        0x0
 *(.vector_40)
                0x0000000000000001                ASSERT (((_vector_spacing == 0x0) || (SIZEOF (.vector_40) <= (_vector_spacing << 0x5))), function at exception vector 40 too large)

.vector_41      0x000000009fc01720        0x0
 *(.vector_41)
                0x0000000000000001                ASSERT (((_vector_spacing == 0x0) || (SIZEOF (.vector_41) <= (_vector_spacing << 0x5))), function at exception vector 41 too large)

.vector_42      0x000000009fc01740        0x0
 *(.vector_42)
                0x0000000000000001                ASSERT (((_vector_spacing == 0x0) || (SIZEOF (.vector_42) <= (_vector_spacing << 0x5))), function at exception vector 42 too large)

.vector_43      0x000000009fc01760        0x0
 *(.vector_43)
                0x0000000000000001                ASSERT (((_vector_spacing == 0x0) || (SIZEOF (.vector_43) <= (_vector_spacing << 0x5))), function at exception vector 43 too large)

.vector_44      0x000000009fc01780        0x0
 *(.vector_44)
                0x0000000000000001                ASSERT (((_vector_spacing == 0x0) || (SIZEOF (.vector_44) <= (_vector_spacing << 0x5))), function at exception vector 44 too large)

.vector_45      0x000000009fc017a0        0x8
 *(.vector_45)
 .vector_45     0x000000009fc017a0        0x8 /tmp/ccg3qiEv.o
                0x000000009fc017a0                ISR_USB_vector_45
                0x0000000000000001                ASSERT (((_vector_spacing == 0x0) || (SIZEOF (.vector_45) <= (_vector_spacing << 0x5))), function at exception vector 45 too large)

.vector_46      0x000000009fc017c0        0x0
 *(.vector_46)
                0x0000000000000001                ASSERT (((_vector_spacing == 0x0) || (SIZEOF (.vector_46) <= (_vector_spacing << 0x5))), function at exception vector 46 too large)

.vector_47      0x000000009fc017e0        0x0
 *(.vector_47)
                0x0000000000000001                ASSERT (((_vector_spacing == 0x0) || (SIZEOF (.vector_47) <= (_vector_spacing << 0x5))), function at exception vector 47 too large)

.vector_48      0x000000009fc01800        0x0
 *(.vector_48)
                0x0000000000000001                ASSERT (((_vector_spacing == 0x0) || (SIZEOF (.vector_48) <= (_vector_spacing << 0x5))), function at exception vector 48 too large)

.vector_49      0x000000009fc01820        0x0
 *(.vector_49)
                0x0000000000000001                ASSERT (((_vector_spacing == 0x0) || (SIZEOF (.vector_49) <= (_vector_spacing << 0x5))), function at exception vector 49 too large)

.vector_50      0x000000009fc01840        0x0
 *(.vector_50)
                0x0000000000000001                ASSERT (((_vector_spacing == 0x0) || (SIZEOF (.vector_50) <= (_vector_spacing << 0x5))), function at exception vector 50 too large)

.vector_51      0x000000009fc01860        0x0
 *(.vector_51)
                0x0000000000000001                ASSERT (((_vector_spacing == 0x0) || (SIZEOF (.vector_51) <= (_vector_spacing << 0x5))), function at exception vector 51 too large)

.vector_52      0x000000009fc01880        0x0
 *(.vector_52)
                0x0000000000000001                ASSERT (((_vector_spacing == 0x0) || (SIZEOF (.vector_52) <= (_vector_spacing << 0x5))), function at exception vector 52 too large)

.vector_53      0x000000009fc018a0        0x0
 *(.vector_53)
                0x0000000000000001                ASSERT (((_vector_spacing == 0x0) || (SIZEOF (.vector_53) <= (_vector_spacing << 0x5))), function at exception vector 53 too large)

.vector_54      0x000000009fc018c0        0x0
 *(.vector_54)
                0x0000000000000001                ASSERT (((_vector_spacing == 0x0) || (SIZEOF (.vector_54) <= (_vector_spacing << 0x5))), function at exception vector 54 too large)

.vector_55      0x000000009fc018e0        0x0
 *(.vector_55)
                0x0000000000000001                ASSERT (((_vector_spacing == 0x0) || (SIZEOF (.vector_55) <= (_vector_spacing << 0x5))), function at exception vector 55 too large)

.vector_56      0x000000009fc01900        0x0
 *(.vector_56)
                0x0000000000000001                ASSERT (((_vector_spacing == 0x0) || (SIZEOF (.vector_56) <= (_vector_spacing << 0x5))), function at exception vector 56 too large)

.vector_57      0x000000009fc01920        0x0
 *(.vector_57)
                0x0000000000000001                ASSERT (((_vector_spacing == 0x0) || (SIZEOF (.vector_57) <= (_vector_spacing << 0x5))), function at exception vector 57 too large)

.vector_58      0x000000009fc01940        0x0
 *(.vector_58)
                0x0000000000000001                ASSERT (((_vector_spacing == 0x0) || (SIZEOF (.vector_58) <= (_vector_spacing << 0x5))), function at exception vector 58 too large)

.vector_59      0x000000009fc01960        0x0
 *(.vector_59)
                0x0000000000000001                ASSERT (((_vector_spacing == 0x0) || (SIZEOF (.vector_59) <= (_vector_spacing << 0x5))), function at exception vector 59 too large)

.vector_60      0x000000009fc01980        0x0
 *(.vector_60)
                0x0000000000000001                ASSERT (((_vector_spacing == 0x0) || (SIZEOF (.vector_60) <= (_vector_spacing << 0x5))), function at exception vector 60 too large)

.vector_61      0x000000009fc019a0        0x0
 *(.vector_61)
                0x0000000000000001                ASSERT (((_vector_spacing == 0x0) || (SIZEOF (.vector_61) <= (_vector_spacing << 0x5))), function at exception vector 61 too large)

.vector_62      0x000000009fc019c0        0x0
 *(.vector_62)
                0x0000000000000001                ASSERT (((_vector_spacing == 0x0) || (SIZEOF (.vector_62) <= (_vector_spacing << 0x5))), function at exception vector 62 too large)

.vector_63      0x000000009fc019e0        0x0
 *(.vector_63)
                0x0000000000000001                ASSERT (((_vector_spacing == 0x0) || (SIZEOF (.vector_63) <= (_vector_spacing << 0x5))), function at exception vector 63 too large)

.startup        0x000000009fc00490      0x1e4
 *(.startup)
 .startup       0x000000009fc00490      0x1e4 /tmp/ccyWvHmd.o

.text           0x000000009d000000      0x3c8
                0x000000009d000000                _text_begin = .
 *(.text .stub .text.* .gnu.linkonce.t.*)
 .text          0x000000009d000000       0x18 /tmp/ccKU5XtV.o
                0x000000009d000000                main
 .text          0x000000009d000018        0x0 include/non-free/32MX440F256H/processor.o
 .text          0x000000009d000018       0x18 /tmp/ccyWvHmd.o
                0x000000009d000028                __crt0_exit
 .text          0x000000009d000030        0x0 src/libpic32.a(default-bootstrap-exception-handler.o)
 .text._bootstrap_exception_handler
                0x000000009d000030       0x38 src/libpic32.a(default-bootstrap-exception-handler.o)
                0x000000009d000030                _bootstrap_exception_handler
 .text          0x000000009d000068        0x0 src/libpic32.a(default-on-reset.o)
 .text._on_reset
                0x000000009d000068        0x8 src/libpic32.a(default-on-reset.o)
                0x000000009d000068                _on_reset
 .text          0x000000009d000070        0x0 src/libpic32.a(default-on-bootstrap.o)
 .text._on_bootstrap
                0x000000009d000070        0x8 src/libpic32.a(default-on-bootstrap.o)
                0x000000009d000070                _on_bootstrap
 .text          0x000000009d000078       0x18 src/libpic32.a(default-nmi-handler.o)
                0x000000009d000078                _nmi_handler
 .text          0x000000009d000090       0x44 src/libpic32.a(pic32_software_reset.o)
                0x000000009d000090                __pic32_software_reset
 .text          0x000000009d0000d4        0x0 src/libpic32.a(general-exception.o)
 .text.general_exception
                0x000000009d0000d4       0xdc src/libpic32.a(general-exception.o)
                0x000000009d0000d4                _general_exception_context
 .text          0x000000009d0001b0        0x0 src/libpic32.a(default-general-exception-handler.o)
 .text._general_exception_handler
                0x000000009d0001b0       0x38 src/libpic32.a(default-general-exception-handler.o)
                0x000000009d0001b0                _general_exception_handler
 .text          0x000000009d0001e8      0x1e0 /tmp/ccg3qiEv.o
                0x000000009d0001e8                InitUSB
                0x000000009d00035c                USB_Interrupt_Handler
 *(.text.*personality*)
 *(.gnu.warning)
 *(.mips16.fn.*)
 *(.mips16.call.*)
                0x000000009d0003c8                _text_end = .

.rodata         0x000000009d0003c8        0x0
 *(.rodata .rodata.* .gnu.linkonce.r.*)
 *(.rodata1)
                0x000000009d0003c8                . = ALIGN (0x4)

.sdata2         0x000000009d0003c8        0x0
 *(.sdata2 .sdata2.* .gnu.linkonce.s2.*)
                0x000000009d0003c8                . = ALIGN (0x4)

.sbss2          0x000000009d0003c8        0x0
 *(.sbss2 .sbss2.* .gnu.linkonce.sb2.*)
                0x000000009d0003c8                . = ALIGN (0x4)

.eh_frame_hdr
 *(.eh_frame_hdr)

.eh_frame
 *(.eh_frame)

.dbg_data       0x00000000a0000000        0x0
                0x00000000a0000000                . = (. + DEFINED (_DEBUGGER)?0x200:0x0)

.data           0x00000000a0000000        0x0 load address 0x000000009d0003c8
                0x00000000a0000000                _data_begin = .
 *(.data .data.* .gnu.linkonce.d.*)
 .data          0x00000000a0000000        0x0 /tmp/ccKU5XtV.o
 .data          0x00000000a0000000        0x0 include/non-free/32MX440F256H/processor.o
 .data          0x00000000a0000000        0x0 /tmp/ccyWvHmd.o
 .data          0x00000000a0000000        0x0 src/libpic32.a(default-bootstrap-exception-handler.o)
 .data          0x00000000a0000000        0x0 src/libpic32.a(default-on-reset.o)
 .data          0x00000000a0000000        0x0 src/libpic32.a(default-on-bootstrap.o)
 .data          0x00000000a0000000        0x0 src/libpic32.a(default-nmi-handler.o)
 .data          0x00000000a0000000        0x0 src/libpic32.a(pic32_software_reset.o)
 .data          0x00000000a0000000        0x0 src/libpic32.a(general-exception.o)
 .data          0x00000000a0000000        0x0 src/libpic32.a(default-general-exception-handler.o)
 .data          0x00000000a0000000        0x0 /tmp/ccg3qiEv.o
 *(.gnu.linkonce.d.*personality*)
 *(.data1)
                0x000000009d0003c8                _data_image_begin = LOADADDR (.data)

.mdebug.abi32   0x00000000a0000000        0x0 load address 0x000000009d0003c8
 .mdebug.abi32  0x00000000a0000000        0x0 src/libpic32.a(default-bootstrap-exception-handler.o)
 .mdebug.abi32  0x00000000a0000000        0x0 src/libpic32.a(default-on-reset.o)
 .mdebug.abi32  0x00000000a0000000        0x0 src/libpic32.a(default-on-bootstrap.o)
 .mdebug.abi32  0x00000000a0000000        0x0 src/libpic32.a(default-general-exception-handler.o)

.eh_frame
 *(.eh_frame)
                0x00000000a0007ff0                _gp = (ALIGN (0x10) + 0x7ff0)

.got
 *(.got.plt)
 *(.got)

.sdata          0x00000000a0000000        0x0 load address 0x000000009d0003c8
                0x00000000a0000000                _sdata_begin = .
 *(.sdata .sdata.* .gnu.linkonce.s.*)
                0x00000000a0000000                _sdata_end = .

.lit8
 *(.lit8)

.lit4
 *(.lit4)
                0x00000000a0000000                . = ALIGN (0x4)
                0x00000000a0000000                _data_end = .
                0x00000000a0000000                _bss_begin = .

.sbss           0x00000000a0000000        0x4 load address 0x000000009d0003c8
                0x00000000a0000000                _sbss_begin = .
 *(.dynsbss)
 *(.sbss .sbss.* .gnu.linkonce.sb.*)
 *(.scommon)
 .scommon       0x00000000a0000000        0x4 /tmp/ccg3qiEv.o
                0x00000000a0000000                token_type_indicator_bits
                0x00000000a0000004                _sbss_end = .

.bss            0x00000000a0000200      0x200 load address 0x000000009d0003c8
 *(.dynbss)
 *(.bss .bss.* .gnu.linkonce.b.*)
 .bss           0x00000000a0000200        0x0 /tmp/ccKU5XtV.o
 .bss           0x00000000a0000200        0x0 include/non-free/32MX440F256H/processor.o
 .bss           0x00000000a0000200        0x0 /tmp/ccyWvHmd.o
 .bss           0x00000000a0000200        0x0 src/libpic32.a(default-bootstrap-exception-handler.o)
 .bss           0x00000000a0000200        0x0 src/libpic32.a(default-on-reset.o)
 .bss           0x00000000a0000200        0x0 src/libpic32.a(default-on-bootstrap.o)
 .bss           0x00000000a0000200        0x0 src/libpic32.a(default-nmi-handler.o)
 .bss           0x00000000a0000200        0x0 src/libpic32.a(pic32_software_reset.o)
 .bss           0x00000000a0000200        0x0 src/libpic32.a(general-exception.o)
 .bss           0x00000000a0000200        0x0 src/libpic32.a(default-general-exception-handler.o)
 .bss           0x00000000a0000200      0x200 /tmp/ccg3qiEv.o
 *(COMMON)
                0x00000000a0000400                . = ALIGN (0x4)
                0x00000000a0000400                . = ALIGN (0x4)
                0x00000000a0000400                _end = .
                0x00000000a0000400                _bss_end = .

.heap           0x00000000a0000400      0x200 load address 0x000000009d0003c8
                0x00000000a0000400                _heap = .
                0x00000000a0000600                . = (. + _min_heap_size)
 *fill*         0x00000000a0000400      0x200 00

.stack          0x00000000a0000600      0x400 load address 0x000000009d0003c8
                0x00000000a0000600                _splim = .
                0x00000000a0000600                _SPLIM = .
                0x00000000a0000a00                . = (. + _min_stack_size)
 *fill*         0x00000000a0000600      0x400 00

.ramfunc        0x00000000a0001000        0x0 load address 0x000000009d0003c8
                0x00000000a0001000                _ramfunc_begin = .
 *(.ramfunc .ramfunc.*)
                0x00000000a0001000                . = ALIGN (0x4)
                0x00000000a0001000                _ramfunc_end = .
                0x000000009d0003c8                _ramfunc_image_begin = LOADADDR (.ramfunc)
                0x0000000000000000                _ramfunc_length = SIZEOF (.ramfunc)
                0x0000000000001000                _bmxdkpba_address = (_ramfunc_begin - ORIGIN (kseg1_data_mem))
                0x0000000000008000                _bmxdudba_address = 0x8000
                0x0000000000008000                _bmxdupba_address = 0x8000
                0x00000000a0008000                _stack = (_ramfunc_length > 0x0)?(_ramfunc_begin - 0x4):(ORIGIN (kseg1_data_mem) + 0x8000)
                0x0000000000000001                ASSERT (((_min_stack_size + _min_heap_size) <= (_stack - _heap)), Not enough space to allocate both stack and heap.  Reduce heap and/or stack size.)

.pdr            0x0000000000000000      0x120
 *(.pdr)
 .pdr           0x0000000000000000       0x20 /tmp/ccKU5XtV.o
 .pdr           0x0000000000000020       0xa0 /tmp/ccyWvHmd.o
 .pdr           0x00000000000000c0       0x60 /tmp/ccg3qiEv.o

.reginfo        0x0000000000000000       0x18
 *(.reginfo)
 .reginfo       0x0000000000000000       0x18 /tmp/ccKU5XtV.o

.stab
 *(.stab)

.stabstr
 *(.stabstr)

.stab.excl
 *(.stab.excl)

.stab.exclstr
 *(.stab.exclstr)

.stab.index
 *(.stab.index)

.stab.indexstr
 *(.stab.indexstr)

.mdebug.abi32   0x0000000000000000        0x0
 .mdebug.abi32  0x0000000000000000        0x0 /tmp/ccKU5XtV.o
 .mdebug.abi32  0x0000000000000000        0x0 /tmp/ccg3qiEv.o

.gnu.attributes
                0x0000000000000000       0x10
 .gnu.attributes
                0x0000000000000000       0x10 /tmp/ccKU5XtV.o
 .gnu.attributes
                0x0000000000000010       0x10 src/libpic32.a(default-bootstrap-exception-handler.o)
 .gnu.attributes
                0x0000000000000020       0x10 src/libpic32.a(default-on-reset.o)
 .gnu.attributes
                0x0000000000000030       0x10 src/libpic32.a(default-on-bootstrap.o)
 .gnu.attributes
                0x0000000000000040       0x10 src/libpic32.a(default-general-exception-handler.o)
 .gnu.attributes
                0x0000000000000050       0x10 /tmp/ccg3qiEv.o

.comment        0x0000000000000000       0x67
 *(.comment)
 .comment       0x0000000000000000       0x2b /tmp/ccKU5XtV.o
                                         0x2c (size before relaxing)
 .comment       0x000000000000002b       0x3c src/libpic32.a(default-bootstrap-exception-handler.o)
                                         0x3d (size before relaxing)
 .comment       0x0000000000000000       0x3d src/libpic32.a(default-on-reset.o)
 .comment       0x0000000000000000       0x3d src/libpic32.a(default-on-bootstrap.o)
 .comment       0x0000000000000000       0x3d src/libpic32.a(default-general-exception-handler.o)
 .comment       0x0000000000000000       0x2c /tmp/ccg3qiEv.o

.debug
 *(.debug)

.line
 *(.line)

.debug_srcinfo
 *(.debug_srcinfo)

.debug_sfnames
 *(.debug_sfnames)

.debug_aranges  0x0000000000000000       0x80
 *(.debug_aranges)
 .debug_aranges
                0x0000000000000000       0x20 src/libpic32.a(default-bootstrap-exception-handler.o)
 .debug_aranges
                0x0000000000000020       0x20 src/libpic32.a(default-on-reset.o)
 .debug_aranges
                0x0000000000000040       0x20 src/libpic32.a(default-on-bootstrap.o)
 .debug_aranges
                0x0000000000000060       0x20 src/libpic32.a(default-general-exception-handler.o)

.debug_pubnames
                0x0000000000000000       0xa8
 *(.debug_pubnames)
 .debug_pubnames
                0x0000000000000000       0x33 src/libpic32.a(default-bootstrap-exception-handler.o)
 .debug_pubnames
                0x0000000000000033       0x20 src/libpic32.a(default-on-reset.o)
 .debug_pubnames
                0x0000000000000053       0x24 src/libpic32.a(default-on-bootstrap.o)
 .debug_pubnames
                0x0000000000000077       0x31 src/libpic32.a(default-general-exception-handler.o)

.debug_info     0x0000000000000000      0x330
 *(.debug_info .gnu.linkonce.wi.*)
 .debug_info    0x0000000000000000       0xde src/libpic32.a(default-bootstrap-exception-handler.o)
 .debug_info    0x00000000000000de       0xb8 src/libpic32.a(default-on-reset.o)
 .debug_info    0x0000000000000196       0xc0 src/libpic32.a(default-on-bootstrap.o)
 .debug_info    0x0000000000000256       0xda src/libpic32.a(default-general-exception-handler.o)

.debug_abbrev   0x0000000000000000       0x8c
 *(.debug_abbrev)
 .debug_abbrev  0x0000000000000000       0x23 src/libpic32.a(default-bootstrap-exception-handler.o)
 .debug_abbrev  0x0000000000000023       0x23 src/libpic32.a(default-on-reset.o)
 .debug_abbrev  0x0000000000000046       0x23 src/libpic32.a(default-on-bootstrap.o)
 .debug_abbrev  0x0000000000000069       0x23 src/libpic32.a(default-general-exception-handler.o)

.debug_line     0x0000000000000000      0x238
 *(.debug_line)
 .debug_line    0x0000000000000000       0x97 src/libpic32.a(default-bootstrap-exception-handler.o)
 .debug_line    0x0000000000000097       0x84 src/libpic32.a(default-on-reset.o)
 .debug_line    0x000000000000011b       0x88 src/libpic32.a(default-on-bootstrap.o)
 .debug_line    0x00000000000001a3       0x95 src/libpic32.a(default-general-exception-handler.o)

.debug_frame    0x0000000000000000       0x90
 *(.debug_frame)
 .debug_frame   0x0000000000000000       0x28 src/libpic32.a(default-bootstrap-exception-handler.o)
 .debug_frame   0x0000000000000028       0x20 src/libpic32.a(default-on-reset.o)
 .debug_frame   0x0000000000000048       0x20 src/libpic32.a(default-on-bootstrap.o)
 .debug_frame   0x0000000000000068       0x28 src/libpic32.a(default-general-exception-handler.o)

.debug_str      0x0000000000000000        0x0
 *(.debug_str)
 .debug_str     0x0000000000000000        0x0 src/libpic32.a(default-bootstrap-exception-handler.o)
 .debug_str     0x0000000000000000        0x0 src/libpic32.a(default-on-reset.o)
 .debug_str     0x0000000000000000        0x0 src/libpic32.a(default-on-bootstrap.o)
 .debug_str     0x0000000000000000        0x0 src/libpic32.a(default-general-exception-handler.o)

.debug_loc
 *(.debug_loc)

.debug_macinfo
 *(.debug_macinfo)

.debug_weaknames
 *(.debug_weaknames)

.debug_funcnames
 *(.debug_funcnames)

.debug_typenames
 *(.debug_typenames)

.debug_varnames
 *(.debug_varnames)

/DISCARD/
 *(.note.GNU-stack)
OUTPUT(bootloader elf32-littlemips)

Cross Reference Table

Symbol                                            File
AD1CHS                                            include/non-free/32MX440F256H/processor.o
                                                  src/libpic32.a(general-exception.o)
                                                  src/libpic32.a(default-nmi-handler.o)
                                                  /tmp/ccyWvHmd.o
AD1CHSCLR                                         include/non-free/32MX440F256H/processor.o
                                                  src/libpic32.a(general-exception.o)
                                                  src/libpic32.a(default-nmi-handler.o)
                                                  /tmp/ccyWvHmd.o
AD1CHSINV                                         include/non-free/32MX440F256H/processor.o
                                                  src/libpic32.a(general-exception.o)
                                                  src/libpic32.a(default-nmi-handler.o)
                                                  /tmp/ccyWvHmd.o
AD1CHSSET                                         include/non-free/32MX440F256H/processor.o
                                                  src/libpic32.a(general-exception.o)
                                                  src/libpic32.a(default-nmi-handler.o)
                                                  /tmp/ccyWvHmd.o
AD1CON1                                           include/non-free/32MX440F256H/processor.o
                                                  src/libpic32.a(general-exception.o)
                                                  src/libpic32.a(default-nmi-handler.o)
                                                  /tmp/ccyWvHmd.o
AD1CON1CLR                                        include/non-free/32MX440F256H/processor.o
                                                  src/libpic32.a(general-exception.o)
                                                  src/libpic32.a(default-nmi-handler.o)
                                                  /tmp/ccyWvHmd.o
AD1CON1INV                                        include/non-free/32MX440F256H/processor.o
                                                  src/libpic32.a(general-exception.o)
                                                  src/libpic32.a(default-nmi-handler.o)
                                                  /tmp/ccyWvHmd.o
AD1CON1SET                                        include/non-free/32MX440F256H/processor.o
                                                  src/libpic32.a(general-exception.o)
                                                  src/libpic32.a(default-nmi-handler.o)
                                                  /tmp/ccyWvHmd.o
AD1CON2                                           include/non-free/32MX440F256H/processor.o
                                                  src/libpic32.a(general-exception.o)
                                                  src/libpic32.a(default-nmi-handler.o)
                                                  /tmp/ccyWvHmd.o
AD1CON2CLR                                        include/non-free/32MX440F256H/processor.o
                                                  src/libpic32.a(general-exception.o)
                                                  src/libpic32.a(default-nmi-handler.o)
                                                  /tmp/ccyWvHmd.o
AD1CON2INV                                        include/non-free/32MX440F256H/processor.o
                                                  src/libpic32.a(general-exception.o)
                                                  src/libpic32.a(default-nmi-handler.o)
                                                  /tmp/ccyWvHmd.o
AD1CON2SET                                        include/non-free/32MX440F256H/processor.o
                                                  src/libpic32.a(general-exception.o)
                                                  src/libpic32.a(default-nmi-handler.o)
                                                  /tmp/ccyWvHmd.o
AD1CON3                                           include/non-free/32MX440F256H/processor.o
                                                  src/libpic32.a(general-exception.o)
                                                  src/libpic32.a(default-nmi-handler.o)
                                                  /tmp/ccyWvHmd.o
AD1CON3CLR                                        include/non-free/32MX440F256H/processor.o
                                                  src/libpic32.a(general-exception.o)
                                                  src/libpic32.a(default-nmi-handler.o)
                                                  /tmp/ccyWvHmd.o
AD1CON3INV                                        include/non-free/32MX440F256H/processor.o
                                                  src/libpic32.a(general-exception.o)
                                                  src/libpic32.a(default-nmi-handler.o)
                                                  /tmp/ccyWvHmd.o
AD1CON3SET                                        include/non-free/32MX440F256H/processor.o
                                                  src/libpic32.a(general-exception.o)
                                                  src/libpic32.a(default-nmi-handler.o)
                                                  /tmp/ccyWvHmd.o
AD1CSSL                                           include/non-free/32MX440F256H/processor.o
                                                  src/libpic32.a(general-exception.o)
                                                  src/libpic32.a(default-nmi-handler.o)
                                                  /tmp/ccyWvHmd.o
AD1CSSLCLR                                        include/non-free/32MX440F256H/processor.o
                                                  src/libpic32.a(general-exception.o)
                                                  src/libpic32.a(default-nmi-handler.o)
                                                  /tmp/ccyWvHmd.o
AD1CSSLINV                                        include/non-free/32MX440F256H/processor.o
                                                  src/libpic32.a(general-exception.o)
                                                  src/libpic32.a(default-nmi-handler.o)
                                                  /tmp/ccyWvHmd.o
AD1CSSLSET                                        include/non-free/32MX440F256H/processor.o
                                                  src/libpic32.a(general-exception.o)
                                                  src/libpic32.a(default-nmi-handler.o)
                                                  /tmp/ccyWvHmd.o
AD1PCFG                                           include/non-free/32MX440F256H/processor.o
                                                  src/libpic32.a(general-exception.o)
                                                  src/libpic32.a(default-nmi-handler.o)
                                                  /tmp/ccyWvHmd.o
AD1PCFGCLR                                        include/non-free/32MX440F256H/processor.o
                                                  src/libpic32.a(general-exception.o)
                                                  src/libpic32.a(default-nmi-handler.o)
                                                  /tmp/ccyWvHmd.o
AD1PCFGINV                                        include/non-free/32MX440F256H/processor.o
                                                  src/libpic32.a(general-exception.o)
                                                  src/libpic32.a(default-nmi-handler.o)
                                                  /tmp/ccyWvHmd.o
AD1PCFGSET                                        include/non-free/32MX440F256H/processor.o
                                                  src/libpic32.a(general-exception.o)
                                                  src/libpic32.a(default-nmi-handler.o)
                                                  /tmp/ccyWvHmd.o
ADC1BUF0                                          include/non-free/32MX440F256H/processor.o
                                                  src/libpic32.a(general-exception.o)
                                                  src/libpic32.a(default-nmi-handler.o)
                                                  /tmp/ccyWvHmd.o
ADC1BUF1                                          include/non-free/32MX440F256H/processor.o
                                                  src/libpic32.a(general-exception.o)
                                                  src/libpic32.a(default-nmi-handler.o)
                                                  /tmp/ccyWvHmd.o
ADC1BUF2                                          include/non-free/32MX440F256H/processor.o
                                                  src/libpic32.a(general-exception.o)
                                                  src/libpic32.a(default-nmi-handler.o)
                                                  /tmp/ccyWvHmd.o
ADC1BUF3                                          include/non-free/32MX440F256H/processor.o
                                                  src/libpic32.a(general-exception.o)
                                                  src/libpic32.a(default-nmi-handler.o)
                                                  /tmp/ccyWvHmd.o
ADC1BUF4                                          include/non-free/32MX440F256H/processor.o
                                                  src/libpic32.a(general-exception.o)
                                                  src/libpic32.a(default-nmi-handler.o)
                                                  /tmp/ccyWvHmd.o
ADC1BUF5                                          include/non-free/32MX440F256H/processor.o
                                                  src/libpic32.a(general-exception.o)
                                                  src/libpic32.a(default-nmi-handler.o)
                                                  /tmp/ccyWvHmd.o
ADC1BUF6                                          include/non-free/32MX440F256H/processor.o
                                                  src/libpic32.a(general-exception.o)
                                                  src/libpic32.a(default-nmi-handler.o)
                                                  /tmp/ccyWvHmd.o
ADC1BUF7                                          include/non-free/32MX440F256H/processor.o
                                                  src/libpic32.a(general-exception.o)
                                                  src/libpic32.a(default-nmi-handler.o)
                                                  /tmp/ccyWvHmd.o
ADC1BUF8                                          include/non-free/32MX440F256H/processor.o
                                                  src/libpic32.a(general-exception.o)
                                                  src/libpic32.a(default-nmi-handler.o)
                                                  /tmp/ccyWvHmd.o
ADC1BUF9                                          include/non-free/32MX440F256H/processor.o
                                                  src/libpic32.a(general-exception.o)
                                                  src/libpic32.a(default-nmi-handler.o)
                                                  /tmp/ccyWvHmd.o
ADC1BUFA                                          include/non-free/32MX440F256H/processor.o
                                                  src/libpic32.a(general-exception.o)
                                                  src/libpic32.a(default-nmi-handler.o)
                                                  /tmp/ccyWvHmd.o
ADC1BUFB                                          include/non-free/32MX440F256H/processor.o
                                                  src/libpic32.a(general-exception.o)
                                                  src/libpic32.a(default-nmi-handler.o)
                                                  /tmp/ccyWvHmd.o
ADC1BUFC                                          include/non-free/32MX440F256H/processor.o
                                                  src/libpic32.a(general-exception.o)
                                                  src/libpic32.a(default-nmi-handler.o)
                                                  /tmp/ccyWvHmd.o
ADC1BUFD                                          include/non-free/32MX440F256H/processor.o
                                                  src/libpic32.a(general-exception.o)
                                                  src/libpic32.a(default-nmi-handler.o)
                                                  /tmp/ccyWvHmd.o
ADC1BUFE                                          include/non-free/32MX440F256H/processor.o
                                                  src/libpic32.a(general-exception.o)
                                                  src/libpic32.a(default-nmi-handler.o)
                                                  /tmp/ccyWvHmd.o
ADC1BUFF                                          include/non-free/32MX440F256H/processor.o
                                                  src/libpic32.a(general-exception.o)
                                                  src/libpic32.a(default-nmi-handler.o)
                                                  /tmp/ccyWvHmd.o
ALRMDATE                                          include/non-free/32MX440F256H/processor.o
                                                  src/libpic32.a(general-exception.o)
                                                  src/libpic32.a(default-nmi-handler.o)
                                                  /tmp/ccyWvHmd.o
ALRMDATECLR                                       include/non-free/32MX440F256H/processor.o
                                                  src/libpic32.a(general-exception.o)
                                                  src/libpic32.a(default-nmi-handler.o)
                                                  /tmp/ccyWvHmd.o
ALRMDATEINV                                       include/non-free/32MX440F256H/processor.o
                                                  src/libpic32.a(general-exception.o)
                                                  src/libpic32.a(default-nmi-handler.o)
                                                  /tmp/ccyWvHmd.o
ALRMDATESET                                       include/non-free/32MX440F256H/processor.o
                                                  src/libpic32.a(general-exception.o)
                                                  src/libpic32.a(default-nmi-handler.o)
                                                  /tmp/ccyWvHmd.o
ALRMTIME                                          include/non-free/32MX440F256H/processor.o
                                                  src/libpic32.a(general-exception.o)
                                                  src/libpic32.a(default-nmi-handler.o)
                                                  /tmp/ccyWvHmd.o
ALRMTIMECLR                                       include/non-free/32MX440F256H/processor.o
                                                  src/libpic32.a(general-exception.o)
                                                  src/libpic32.a(default-nmi-handler.o)
                                                  /tmp/ccyWvHmd.o
ALRMTIMEINV                                       include/non-free/32MX440F256H/processor.o
                                                  src/libpic32.a(general-exception.o)
                                                  src/libpic32.a(default-nmi-handler.o)
                                                  /tmp/ccyWvHmd.o
ALRMTIMESET                                       include/non-free/32MX440F256H/processor.o
                                                  src/libpic32.a(general-exception.o)
                                                  src/libpic32.a(default-nmi-handler.o)
                                                  /tmp/ccyWvHmd.o
BMXBOOTSZ                                         include/non-free/32MX440F256H/processor.o
                                                  src/libpic32.a(general-exception.o)
                                                  src/libpic32.a(default-nmi-handler.o)
                                                  /tmp/ccyWvHmd.o
BMXCON                                            include/non-free/32MX440F256H/processor.o
                                                  src/libpic32.a(general-exception.o)
                                                  src/libpic32.a(default-nmi-handler.o)
                                                  /tmp/ccyWvHmd.o
BMXCONCLR                                         include/non-free/32MX440F256H/processor.o
                                                  src/libpic32.a(general-exception.o)
                                                  src/libpic32.a(default-nmi-handler.o)
                                                  /tmp/ccyWvHmd.o
BMXCONINV                                         include/non-free/32MX440F256H/processor.o
                                                  src/libpic32.a(general-exception.o)
                                                  src/libpic32.a(default-nmi-handler.o)
                                                  /tmp/ccyWvHmd.o
BMXCONSET                                         include/non-free/32MX440F256H/processor.o
                                                  src/libpic32.a(general-exception.o)
                                                  src/libpic32.a(default-nmi-handler.o)
                                                  /tmp/ccyWvHmd.o
BMXDKPBA                                          include/non-free/32MX440F256H/processor.o
                                                  src/libpic32.a(general-exception.o)
                                                  src/libpic32.a(default-nmi-handler.o)
                                                  /tmp/ccyWvHmd.o
BMXDKPBACLR                                       include/non-free/32MX440F256H/processor.o
                                                  src/libpic32.a(general-exception.o)
                                                  src/libpic32.a(default-nmi-handler.o)
                                                  /tmp/ccyWvHmd.o
BMXDKPBAINV                                       include/non-free/32MX440F256H/processor.o
                                                  src/libpic32.a(general-exception.o)
                                                  src/libpic32.a(default-nmi-handler.o)
                                                  /tmp/ccyWvHmd.o
BMXDKPBASET                                       include/non-free/32MX440F256H/processor.o
                                                  src/libpic32.a(general-exception.o)
                                                  src/libpic32.a(default-nmi-handler.o)
                                                  /tmp/ccyWvHmd.o
BMXDRMSZ                                          include/non-free/32MX440F256H/processor.o
                                                  src/libpic32.a(general-exception.o)
                                                  src/libpic32.a(default-nmi-handler.o)
                                                  /tmp/ccyWvHmd.o
BMXDUDBA                                          include/non-free/32MX440F256H/processor.o
                                                  src/libpic32.a(general-exception.o)
                                                  src/libpic32.a(default-nmi-handler.o)
                                                  /tmp/ccyWvHmd.o
BMXDUDBACLR                                       include/non-free/32MX440F256H/processor.o
                                                  src/libpic32.a(general-exception.o)
                                                  src/libpic32.a(default-nmi-handler.o)
                                                  /tmp/ccyWvHmd.o
BMXDUDBAINV                                       include/non-free/32MX440F256H/processor.o
                                                  src/libpic32.a(general-exception.o)
                                                  src/libpic32.a(default-nmi-handler.o)
                                                  /tmp/ccyWvHmd.o
BMXDUDBASET                                       include/non-free/32MX440F256H/processor.o
                                                  src/libpic32.a(general-exception.o)
                                                  src/libpic32.a(default-nmi-handler.o)
                                                  /tmp/ccyWvHmd.o
BMXDUPBA                                          include/non-free/32MX440F256H/processor.o
                                                  src/libpic32.a(general-exception.o)
                                                  src/libpic32.a(default-nmi-handler.o)
                                                  /tmp/ccyWvHmd.o
BMXDUPBACLR                                       include/non-free/32MX440F256H/processor.o
                                                  src/libpic32.a(general-exception.o)
                                                  src/libpic32.a(default-nmi-handler.o)
                                                  /tmp/ccyWvHmd.o
BMXDUPBAINV                                       include/non-free/32MX440F256H/processor.o
                                                  src/libpic32.a(general-exception.o)
                                                  src/libpic32.a(default-nmi-handler.o)
                                                  /tmp/ccyWvHmd.o
BMXDUPBASET                                       include/non-free/32MX440F256H/processor.o
                                                  src/libpic32.a(general-exception.o)
                                                  src/libpic32.a(default-nmi-handler.o)
                                                  /tmp/ccyWvHmd.o
BMXPFMSZ                                          include/non-free/32MX440F256H/processor.o
                                                  src/libpic32.a(general-exception.o)
                                                  src/libpic32.a(default-nmi-handler.o)
                                                  /tmp/ccyWvHmd.o
BMXPUPBA                                          include/non-free/32MX440F256H/processor.o
                                                  src/libpic32.a(general-exception.o)
                                                  src/libpic32.a(default-nmi-handler.o)
                                                  /tmp/ccyWvHmd.o
BMXPUPBACLR                                       include/non-free/32MX440F256H/processor.o
                                                  src/libpic32.a(general-exception.o)
                                                  src/libpic32.a(default-nmi-handler.o)
                                                  /tmp/ccyWvHmd.o
BMXPUPBAINV                                       include/non-free/32MX440F256H/processor.o
                                                  src/libpic32.a(general-exception.o)
                                                  src/libpic32.a(default-nmi-handler.o)
                                                  /tmp/ccyWvHmd.o
BMXPUPBASET                                       include/non-free/32MX440F256H/processor.o
                                                  src/libpic32.a(general-exception.o)
                                                  src/libpic32.a(default-nmi-handler.o)
                                                  /tmp/ccyWvHmd.o
CHEACC                                            include/non-free/32MX440F256H/processor.o
                                                  src/libpic32.a(general-exception.o)
                                                  src/libpic32.a(default-nmi-handler.o)
                                                  /tmp/ccyWvHmd.o
CHEACCCLR                                         include/non-free/32MX440F256H/processor.o
                                                  src/libpic32.a(general-exception.o)
                                                  src/libpic32.a(default-nmi-handler.o)
                                                  /tmp/ccyWvHmd.o
CHEACCINV                                         include/non-free/32MX440F256H/processor.o
                                                  src/libpic32.a(general-exception.o)
                                                  src/libpic32.a(default-nmi-handler.o)
                                                  /tmp/ccyWvHmd.o
CHEACCSET                                         include/non-free/32MX440F256H/processor.o
                                                  src/libpic32.a(general-exception.o)
                                                  src/libpic32.a(default-nmi-handler.o)
                                                  /tmp/ccyWvHmd.o
CHECON                                            include/non-free/32MX440F256H/processor.o
                                                  src/libpic32.a(general-exception.o)
                                                  src/libpic32.a(default-nmi-handler.o)
                                                  /tmp/ccyWvHmd.o
CHECONCLR                                         include/non-free/32MX440F256H/processor.o
                                                  src/libpic32.a(general-exception.o)
                                                  src/libpic32.a(default-nmi-handler.o)
                                                  /tmp/ccyWvHmd.o
CHECONINV                                         include/non-free/32MX440F256H/processor.o
                                                  src/libpic32.a(general-exception.o)
                                                  src/libpic32.a(default-nmi-handler.o)
                                                  /tmp/ccyWvHmd.o
CHECONSET                                         include/non-free/32MX440F256H/processor.o
                                                  src/libpic32.a(general-exception.o)
                                                  src/libpic32.a(default-nmi-handler.o)
                                                  /tmp/ccyWvHmd.o
CHEHIT                                            include/non-free/32MX440F256H/processor.o
                                                  src/libpic32.a(general-exception.o)
                                                  src/libpic32.a(default-nmi-handler.o)
                                                  /tmp/ccyWvHmd.o
CHELRU                                            include/non-free/32MX440F256H/processor.o
                                                  src/libpic32.a(general-exception.o)
                                                  src/libpic32.a(default-nmi-handler.o)
                                                  /tmp/ccyWvHmd.o
CHEMIS                                            include/non-free/32MX440F256H/processor.o
                                                  src/libpic32.a(general-exception.o)
                                                  src/libpic32.a(default-nmi-handler.o)
                                                  /tmp/ccyWvHmd.o
CHEMSK                                            include/non-free/32MX440F256H/processor.o
                                                  src/libpic32.a(general-exception.o)
                                                  src/libpic32.a(default-nmi-handler.o)
                                                  /tmp/ccyWvHmd.o
CHEMSKCLR                                         include/non-free/32MX440F256H/processor.o
                                                  src/libpic32.a(general-exception.o)
                                                  src/libpic32.a(default-nmi-handler.o)
                                                  /tmp/ccyWvHmd.o
CHEMSKINV                                         include/non-free/32MX440F256H/processor.o
                                                  src/libpic32.a(general-exception.o)
                                                  src/libpic32.a(default-nmi-handler.o)
                                                  /tmp/ccyWvHmd.o
CHEMSKSET                                         include/non-free/32MX440F256H/processor.o
                                                  src/libpic32.a(general-exception.o)
                                                  src/libpic32.a(default-nmi-handler.o)
                                                  /tmp/ccyWvHmd.o
CHEPFABT                                          include/non-free/32MX440F256H/processor.o
                                                  src/libpic32.a(general-exception.o)
                                                  src/libpic32.a(default-nmi-handler.o)
                                                  /tmp/ccyWvHmd.o
CHETAG                                            include/non-free/32MX440F256H/processor.o
                                                  src/libpic32.a(general-exception.o)
                                                  src/libpic32.a(default-nmi-handler.o)
                                                  /tmp/ccyWvHmd.o
CHETAGCLR                                         include/non-free/32MX440F256H/processor.o
                                                  src/libpic32.a(general-exception.o)
                                                  src/libpic32.a(default-nmi-handler.o)
                                                  /tmp/ccyWvHmd.o
CHETAGINV                                         include/non-free/32MX440F256H/processor.o
                                                  src/libpic32.a(general-exception.o)
                                                  src/libpic32.a(default-nmi-handler.o)
                                                  /tmp/ccyWvHmd.o
CHETAGSET                                         include/non-free/32MX440F256H/processor.o
                                                  src/libpic32.a(general-exception.o)
                                                  src/libpic32.a(default-nmi-handler.o)
                                                  /tmp/ccyWvHmd.o
CHEW0                                             include/non-free/32MX440F256H/processor.o
                                                  src/libpic32.a(general-exception.o)
                                                  src/libpic32.a(default-nmi-handler.o)
                                                  /tmp/ccyWvHmd.o
CHEW1                                             include/non-free/32MX440F256H/processor.o
                                                  src/libpic32.a(general-exception.o)
                                                  src/libpic32.a(default-nmi-handler.o)
                                                  /tmp/ccyWvHmd.o
CHEW2                                             include/non-free/32MX440F256H/processor.o
                                                  src/libpic32.a(general-exception.o)
                                                  src/libpic32.a(default-nmi-handler.o)
                                                  /tmp/ccyWvHmd.o
CHEW3                                             include/non-free/32MX440F256H/processor.o
                                                  src/libpic32.a(general-exception.o)
                                                  src/libpic32.a(default-nmi-handler.o)
                                                  /tmp/ccyWvHmd.o
CM1CON                                            include/non-free/32MX440F256H/processor.o
                                                  src/libpic32.a(general-exception.o)
                                                  src/libpic32.a(default-nmi-handler.o)
                                                  /tmp/ccyWvHmd.o
CM1CONCLR                                         include/non-free/32MX440F256H/processor.o
                                                  src/libpic32.a(general-exception.o)
                                                  src/libpic32.a(default-nmi-handler.o)
                                                  /tmp/ccyWvHmd.o
CM1CONINV                                         include/non-free/32MX440F256H/processor.o
                                                  src/libpic32.a(general-exception.o)
                                                  src/libpic32.a(default-nmi-handler.o)
                                                  /tmp/ccyWvHmd.o
CM1CONSET                                         include/non-free/32MX440F256H/processor.o
                                                  src/libpic32.a(general-exception.o)
                                                  src/libpic32.a(default-nmi-handler.o)
                                                  /tmp/ccyWvHmd.o
CM2CON                                            include/non-free/32MX440F256H/processor.o
                                                  src/libpic32.a(general-exception.o)
                                                  src/libpic32.a(default-nmi-handler.o)
                                                  /tmp/ccyWvHmd.o
CM2CONCLR                                         include/non-free/32MX440F256H/processor.o
                                                  src/libpic32.a(general-exception.o)
                                                  src/libpic32.a(default-nmi-handler.o)
                                                  /tmp/ccyWvHmd.o
CM2CONINV                                         include/non-free/32MX440F256H/processor.o
                                                  src/libpic32.a(general-exception.o)
                                                  src/libpic32.a(default-nmi-handler.o)
                                                  /tmp/ccyWvHmd.o
CM2CONSET                                         include/non-free/32MX440F256H/processor.o
                                                  src/libpic32.a(general-exception.o)
                                                  src/libpic32.a(default-nmi-handler.o)
                                                  /tmp/ccyWvHmd.o
CMSTAT                                            include/non-free/32MX440F256H/processor.o
                                                  src/libpic32.a(general-exception.o)
                                                  src/libpic32.a(default-nmi-handler.o)
                                                  /tmp/ccyWvHmd.o
CMSTATCLR                                         include/non-free/32MX440F256H/processor.o
                                                  src/libpic32.a(general-exception.o)
                                                  src/libpic32.a(default-nmi-handler.o)
                                                  /tmp/ccyWvHmd.o
CMSTATINV                                         include/non-free/32MX440F256H/processor.o
                                                  src/libpic32.a(general-exception.o)
                                                  src/libpic32.a(default-nmi-handler.o)
                                                  /tmp/ccyWvHmd.o
CMSTATSET                                         include/non-free/32MX440F256H/processor.o
                                                  src/libpic32.a(general-exception.o)
                                                  src/libpic32.a(default-nmi-handler.o)
                                                  /tmp/ccyWvHmd.o
CNCON                                             include/non-free/32MX440F256H/processor.o
                                                  src/libpic32.a(general-exception.o)
                                                  src/libpic32.a(default-nmi-handler.o)
                                                  /tmp/ccyWvHmd.o
CNCONCLR                                          include/non-free/32MX440F256H/processor.o
                                                  src/libpic32.a(general-exception.o)
                                                  src/libpic32.a(default-nmi-handler.o)
                                                  /tmp/ccyWvHmd.o
CNCONINV                                          include/non-free/32MX440F256H/processor.o
                                                  src/libpic32.a(general-exception.o)
                                                  src/libpic32.a(default-nmi-handler.o)
                                                  /tmp/ccyWvHmd.o
CNCONSET                                          include/non-free/32MX440F256H/processor.o
                                                  src/libpic32.a(general-exception.o)
                                                  src/libpic32.a(default-nmi-handler.o)
                                                  /tmp/ccyWvHmd.o
CNEN                                              include/non-free/32MX440F256H/processor.o
                                                  src/libpic32.a(general-exception.o)
                                                  src/libpic32.a(default-nmi-handler.o)
                                                  /tmp/ccyWvHmd.o
CNENCLR                                           include/non-free/32MX440F256H/processor.o
                                                  src/libpic32.a(general-exception.o)
                                                  src/libpic32.a(default-nmi-handler.o)
                                                  /tmp/ccyWvHmd.o
CNENINV                                           include/non-free/32MX440F256H/processor.o
                                                  src/libpic32.a(general-exception.o)
                                                  src/libpic32.a(default-nmi-handler.o)
                                                  /tmp/ccyWvHmd.o
CNENSET                                           include/non-free/32MX440F256H/processor.o
                                                  src/libpic32.a(general-exception.o)
                                                  src/libpic32.a(default-nmi-handler.o)
                                                  /tmp/ccyWvHmd.o
CNPUE                                             include/non-free/32MX440F256H/processor.o
                                                  src/libpic32.a(general-exception.o)
                                                  src/libpic32.a(default-nmi-handler.o)
                                                  /tmp/ccyWvHmd.o
CNPUECLR                                          include/non-free/32MX440F256H/processor.o
                                                  src/libpic32.a(general-exception.o)
                                                  src/libpic32.a(default-nmi-handler.o)
                                                  /tmp/ccyWvHmd.o
CNPUEINV                                          include/non-free/32MX440F256H/processor.o
                                                  src/libpic32.a(general-exception.o)
                                                  src/libpic32.a(default-nmi-handler.o)
                                                  /tmp/ccyWvHmd.o
CNPUESET                                          include/non-free/32MX440F256H/processor.o
                                                  src/libpic32.a(general-exception.o)
                                                  src/libpic32.a(default-nmi-handler.o)
                                                  /tmp/ccyWvHmd.o
CVRCON                                            include/non-free/32MX440F256H/processor.o
                                                  src/libpic32.a(general-exception.o)
                                                  src/libpic32.a(default-nmi-handler.o)
                                                  /tmp/ccyWvHmd.o
CVRCONCLR                                         include/non-free/32MX440F256H/processor.o
                                                  src/libpic32.a(general-exception.o)
                                                  src/libpic32.a(default-nmi-handler.o)
                                                  /tmp/ccyWvHmd.o
CVRCONINV                                         include/non-free/32MX440F256H/processor.o
                                                  src/libpic32.a(general-exception.o)
                                                  src/libpic32.a(default-nmi-handler.o)
                                                  /tmp/ccyWvHmd.o
CVRCONSET                                         include/non-free/32MX440F256H/processor.o
                                                  src/libpic32.a(general-exception.o)
                                                  src/libpic32.a(default-nmi-handler.o)
                                                  /tmp/ccyWvHmd.o
DCH0CON                                           include/non-free/32MX440F256H/processor.o
                                                  src/libpic32.a(general-exception.o)
                                                  src/libpic32.a(default-nmi-handler.o)
                                                  /tmp/ccyWvHmd.o
DCH0CONCLR                                        include/non-free/32MX440F256H/processor.o
                                                  src/libpic32.a(general-exception.o)
                                                  src/libpic32.a(default-nmi-handler.o)
                                                  /tmp/ccyWvHmd.o
DCH0CONINV                                        include/non-free/32MX440F256H/processor.o
                                                  src/libpic32.a(general-exception.o)
                                                  src/libpic32.a(default-nmi-handler.o)
                                                  /tmp/ccyWvHmd.o
DCH0CONSET                                        include/non-free/32MX440F256H/processor.o
                                                  src/libpic32.a(general-exception.o)
                                                  src/libpic32.a(default-nmi-handler.o)
                                                  /tmp/ccyWvHmd.o
DCH0CPTR                                          include/non-free/32MX440F256H/processor.o
                                                  src/libpic32.a(general-exception.o)
                                                  src/libpic32.a(default-nmi-handler.o)
                                                  /tmp/ccyWvHmd.o
DCH0CPTRCLR                                       include/non-free/32MX440F256H/processor.o
                                                  src/libpic32.a(general-exception.o)
                                                  src/libpic32.a(default-nmi-handler.o)
                                                  /tmp/ccyWvHmd.o
DCH0CPTRINV                                       include/non-free/32MX440F256H/processor.o
                                                  src/libpic32.a(general-exception.o)
                                                  src/libpic32.a(default-nmi-handler.o)
                                                  /tmp/ccyWvHmd.o
DCH0CPTRSET                                       include/non-free/32MX440F256H/processor.o
                                                  src/libpic32.a(general-exception.o)
                                                  src/libpic32.a(default-nmi-handler.o)
                                                  /tmp/ccyWvHmd.o
DCH0CSIZ                                          include/non-free/32MX440F256H/processor.o
                                                  src/libpic32.a(general-exception.o)
                                                  src/libpic32.a(default-nmi-handler.o)
                                                  /tmp/ccyWvHmd.o
DCH0CSIZCLR                                       include/non-free/32MX440F256H/processor.o
                                                  src/libpic32.a(general-exception.o)
                                                  src/libpic32.a(default-nmi-handler.o)
                                                  /tmp/ccyWvHmd.o
DCH0CSIZINV                                       include/non-free/32MX440F256H/processor.o
                                                  src/libpic32.a(general-exception.o)
[...]
U1OTGCONCLR                                       include/non-free/32MX440F256H/processor.o
                                                  /tmp/ccyWvHmd.o
U1OTGCONINV                                       include/non-free/32MX440F256H/processor.o
                                                  /tmp/ccyWvHmd.o
U1OTGCONSET                                       include/non-free/32MX440F256H/processor.o
                                                  /tmp/ccyWvHmd.o
U1OTGIE                                           include/non-free/32MX440F256H/processor.o
                                                  src/libpic32.a(general-exception.o)
                                                  src/libpic32.a(default-nmi-handler.o)
                                                  /tmp/ccyWvHmd.o
U1OTGIECLR                                        include/non-free/32MX440F256H/processor.o
                                                  /tmp/ccyWvHmd.o
U1OTGIEINV                                        include/non-free/32MX440F256H/processor.o
                                                  /tmp/ccyWvHmd.o
U1OTGIESET                                        include/non-free/32MX440F256H/processor.o
                                                  /tmp/ccyWvHmd.o
U1OTGIR                                           include/non-free/32MX440F256H/processor.o
                                                  src/libpic32.a(general-exception.o)
                                                  src/libpic32.a(default-nmi-handler.o)
                                                  /tmp/ccyWvHmd.o
U1OTGIRCLR                                        include/non-free/32MX440F256H/processor.o
                                                  /tmp/ccyWvHmd.o
U1OTGSTAT                                         include/non-free/32MX440F256H/processor.o
                                                  src/libpic32.a(general-exception.o)
                                                  src/libpic32.a(default-nmi-handler.o)
                                                  /tmp/ccyWvHmd.o
U1OTGSTATCLR                                      include/non-free/32MX440F256H/processor.o
                                                  /tmp/ccyWvHmd.o
U1PWRC                                            include/non-free/32MX440F256H/processor.o
                                                  /tmp/ccg3qiEv.o
                                                  src/libpic32.a(general-exception.o)
                                                  src/libpic32.a(default-nmi-handler.o)
                                                  /tmp/ccyWvHmd.o
U1PWRCCLR                                         include/non-free/32MX440F256H/processor.o
                                                  /tmp/ccyWvHmd.o
U1PWRCINV                                         include/non-free/32MX440F256H/processor.o
                                                  /tmp/ccyWvHmd.o
U1PWRCSET                                         include/non-free/32MX440F256H/processor.o
                                                  /tmp/ccyWvHmd.o
U1RXREG                                           include/non-free/32MX440F256H/processor.o
                                                  src/libpic32.a(general-exception.o)
                                                  src/libpic32.a(default-nmi-handler.o)
                                                  /tmp/ccyWvHmd.o
U1SOF                                             include/non-free/32MX440F256H/processor.o
                                                  src/libpic32.a(general-exception.o)
                                                  src/libpic32.a(default-nmi-handler.o)
                                                  /tmp/ccyWvHmd.o
U1SOFCLR                                          include/non-free/32MX440F256H/processor.o
                                                  /tmp/ccyWvHmd.o
U1SOFINV                                          include/non-free/32MX440F256H/processor.o
                                                  /tmp/ccyWvHmd.o
U1SOFSET                                          include/non-free/32MX440F256H/processor.o
                                                  /tmp/ccyWvHmd.o
U1STA                                             include/non-free/32MX440F256H/processor.o
                                                  src/libpic32.a(general-exception.o)
                                                  src/libpic32.a(default-nmi-handler.o)
                                                  /tmp/ccyWvHmd.o
U1STACLR                                          include/non-free/32MX440F256H/processor.o
                                                  src/libpic32.a(general-exception.o)
                                                  src/libpic32.a(default-nmi-handler.o)
                                                  /tmp/ccyWvHmd.o
U1STAINV                                          include/non-free/32MX440F256H/processor.o
                                                  src/libpic32.a(general-exception.o)
                                                  src/libpic32.a(default-nmi-handler.o)
                                                  /tmp/ccyWvHmd.o
U1STASET                                          include/non-free/32MX440F256H/processor.o
                                                  src/libpic32.a(general-exception.o)
                                                  src/libpic32.a(default-nmi-handler.o)
                                                  /tmp/ccyWvHmd.o
U1STAT                                            include/non-free/32MX440F256H/processor.o
                                                  src/libpic32.a(general-exception.o)
                                                  src/libpic32.a(default-nmi-handler.o)
                                                  /tmp/ccyWvHmd.o
U1STATCLR                                         include/non-free/32MX440F256H/processor.o
                                                  /tmp/ccyWvHmd.o
U1STATINV                                         include/non-free/32MX440F256H/processor.o
                                                  /tmp/ccyWvHmd.o
U1STATSET                                         include/non-free/32MX440F256H/processor.o
                                                  /tmp/ccyWvHmd.o
U1TOK                                             include/non-free/32MX440F256H/processor.o
                                                  src/libpic32.a(general-exception.o)
                                                  src/libpic32.a(default-nmi-handler.o)
                                                  /tmp/ccyWvHmd.o
U1TOKCLR                                          include/non-free/32MX440F256H/processor.o
                                                  /tmp/ccyWvHmd.o
U1TOKINV                                          include/non-free/32MX440F256H/processor.o
                                                  /tmp/ccyWvHmd.o
U1TOKSET                                          include/non-free/32MX440F256H/processor.o
                                                  /tmp/ccyWvHmd.o
U1TXREG                                           include/non-free/32MX440F256H/processor.o
                                                  src/libpic32.a(general-exception.o)
                                                  src/libpic32.a(default-nmi-handler.o)
                                                  /tmp/ccyWvHmd.o
U2BRG                                             include/non-free/32MX440F256H/processor.o
                                                  src/libpic32.a(general-exception.o)
                                                  src/libpic32.a(default-nmi-handler.o)
                                                  /tmp/ccyWvHmd.o
U2BRGCLR                                          include/non-free/32MX440F256H/processor.o
                                                  src/libpic32.a(general-exception.o)
                                                  src/libpic32.a(default-nmi-handler.o)
                                                  /tmp/ccyWvHmd.o
U2BRGINV                                          include/non-free/32MX440F256H/processor.o
                                                  src/libpic32.a(general-exception.o)
                                                  src/libpic32.a(default-nmi-handler.o)
                                                  /tmp/ccyWvHmd.o
U2BRGSET                                          include/non-free/32MX440F256H/processor.o
                                                  src/libpic32.a(general-exception.o)
                                                  src/libpic32.a(default-nmi-handler.o)
                                                  /tmp/ccyWvHmd.o
U2MODE                                            include/non-free/32MX440F256H/processor.o
                                                  src/libpic32.a(general-exception.o)
                                                  src/libpic32.a(default-nmi-handler.o)
                                                  /tmp/ccyWvHmd.o
U2MODECLR                                         include/non-free/32MX440F256H/processor.o
                                                  src/libpic32.a(general-exception.o)
                                                  src/libpic32.a(default-nmi-handler.o)
                                                  /tmp/ccyWvHmd.o
U2MODEINV                                         include/non-free/32MX440F256H/processor.o
                                                  src/libpic32.a(general-exception.o)
                                                  src/libpic32.a(default-nmi-handler.o)
                                                  /tmp/ccyWvHmd.o
U2MODESET                                         include/non-free/32MX440F256H/processor.o
                                                  src/libpic32.a(general-exception.o)
                                                  src/libpic32.a(default-nmi-handler.o)
                                                  /tmp/ccyWvHmd.o
U2RXREG                                           include/non-free/32MX440F256H/processor.o
                                                  src/libpic32.a(general-exception.o)
                                                  src/libpic32.a(default-nmi-handler.o)
                                                  /tmp/ccyWvHmd.o
U2STA                                             include/non-free/32MX440F256H/processor.o
                                                  src/libpic32.a(general-exception.o)
                                                  src/libpic32.a(default-nmi-handler.o)
                                                  /tmp/ccyWvHmd.o
U2STACLR                                          include/non-free/32MX440F256H/processor.o
                                                  src/libpic32.a(general-exception.o)
                                                  src/libpic32.a(default-nmi-handler.o)
                                                  /tmp/ccyWvHmd.o
U2STAINV                                          include/non-free/32MX440F256H/processor.o
                                                  src/libpic32.a(general-exception.o)
                                                  src/libpic32.a(default-nmi-handler.o)
                                                  /tmp/ccyWvHmd.o
U2STASET                                          include/non-free/32MX440F256H/processor.o
                                                  src/libpic32.a(general-exception.o)
                                                  src/libpic32.a(default-nmi-handler.o)
                                                  /tmp/ccyWvHmd.o
U2TXREG                                           include/non-free/32MX440F256H/processor.o
                                                  src/libpic32.a(general-exception.o)
                                                  src/libpic32.a(default-nmi-handler.o)
                                                  /tmp/ccyWvHmd.o
USB_Interrupt_Handler                             /tmp/ccg3qiEv.o
WDTCON                                            include/non-free/32MX440F256H/processor.o
                                                  src/libpic32.a(general-exception.o)
                                                  src/libpic32.a(default-nmi-handler.o)
                                                  /tmp/ccyWvHmd.o
WDTCONCLR                                         include/non-free/32MX440F256H/processor.o
                                                  src/libpic32.a(general-exception.o)
                                                  src/libpic32.a(default-nmi-handler.o)
                                                  /tmp/ccyWvHmd.o
WDTCONINV                                         include/non-free/32MX440F256H/processor.o
                                                  src/libpic32.a(general-exception.o)
                                                  src/libpic32.a(default-nmi-handler.o)
                                                  /tmp/ccyWvHmd.o
WDTCONSET                                         include/non-free/32MX440F256H/processor.o
                                                  src/libpic32.a(general-exception.o)
                                                  src/libpic32.a(default-nmi-handler.o)
                                                  /tmp/ccyWvHmd.o
_APPI                                             include/non-free/32MX440F256H/processor.o
                                                  src/libpic32.a(general-exception.o)
                                                  src/libpic32.a(default-nmi-handler.o)
                                                  /tmp/ccyWvHmd.o
_APPO                                             include/non-free/32MX440F256H/processor.o
                                                  src/libpic32.a(general-exception.o)
                                                  src/libpic32.a(default-nmi-handler.o)
                                                  /tmp/ccyWvHmd.o
_APPOCLR                                          include/non-free/32MX440F256H/processor.o
                                                  src/libpic32.a(general-exception.o)
                                                  src/libpic32.a(default-nmi-handler.o)
                                                  /tmp/ccyWvHmd.o
_APPOINV                                          include/non-free/32MX440F256H/processor.o
                                                  src/libpic32.a(general-exception.o)
                                                  src/libpic32.a(default-nmi-handler.o)
                                                  /tmp/ccyWvHmd.o
_APPOSET                                          include/non-free/32MX440F256H/processor.o
                                                  src/libpic32.a(general-exception.o)
                                                  src/libpic32.a(default-nmi-handler.o)
                                                  /tmp/ccyWvHmd.o
_DDPSTAT                                          include/non-free/32MX440F256H/processor.o
                                                  src/libpic32.a(general-exception.o)
                                                  src/libpic32.a(default-nmi-handler.o)
                                                  /tmp/ccyWvHmd.o
_DEBUGGER                                         src/libpic32.a(default-general-exception-handler.o)
                                                  src/libpic32.a(default-bootstrap-exception-handler.o)
_STRO                                             include/non-free/32MX440F256H/processor.o
                                                  src/libpic32.a(general-exception.o)
                                                  src/libpic32.a(default-nmi-handler.o)
                                                  /tmp/ccyWvHmd.o
_STROCLR                                          include/non-free/32MX440F256H/processor.o
                                                  src/libpic32.a(general-exception.o)
                                                  src/libpic32.a(default-nmi-handler.o)
                                                  /tmp/ccyWvHmd.o
_STROINV                                          include/non-free/32MX440F256H/processor.o
                                                  src/libpic32.a(general-exception.o)
                                                  src/libpic32.a(default-nmi-handler.o)
                                                  /tmp/ccyWvHmd.o
_STROSET                                          include/non-free/32MX440F256H/processor.o
                                                  src/libpic32.a(general-exception.o)
                                                  src/libpic32.a(default-nmi-handler.o)
                                                  /tmp/ccyWvHmd.o
__crt0_exit                                       /tmp/ccyWvHmd.o
__exception_handler_break                         src/libpic32.a(default-general-exception-handler.o)
                                                  src/libpic32.a(default-bootstrap-exception-handler.o)
__pic32_software_reset                            src/libpic32.a(pic32_software_reset.o)
                                                  src/libpic32.a(default-general-exception-handler.o)
                                                  src/libpic32.a(default-bootstrap-exception-handler.o)
_bmxdkpba_address                                 /tmp/ccyWvHmd.o
_bmxdudba_address                                 /tmp/ccyWvHmd.o
_bmxdupba_address                                 /tmp/ccyWvHmd.o
_bootstrap_exception_handler                      src/libpic32.a(default-bootstrap-exception-handler.o)
                                                  /tmp/ccyWvHmd.o
_bss_begin                                        /tmp/ccyWvHmd.o
_bss_end                                          /tmp/ccyWvHmd.o
_data_begin                                       /tmp/ccyWvHmd.o
_data_end                                         /tmp/ccyWvHmd.o
_data_image_begin                                 /tmp/ccyWvHmd.o
_ebase_address                                    /tmp/ccyWvHmd.o
_general_exception_context                        src/libpic32.a(general-exception.o)
                                                  /tmp/ccyWvHmd.o
_general_exception_handler                        src/libpic32.a(default-general-exception-handler.o)
                                                  src/libpic32.a(general-exception.o)
_gp                                               /tmp/ccyWvHmd.o
_nmi_handler                                      src/libpic32.a(default-nmi-handler.o)
                                                  /tmp/ccyWvHmd.o
_on_bootstrap                                     src/libpic32.a(default-on-bootstrap.o)
                                                  /tmp/ccyWvHmd.o
_on_reset                                         src/libpic32.a(default-on-reset.o)
                                                  /tmp/ccyWvHmd.o
_ramfunc_begin                                    /tmp/ccyWvHmd.o
_ramfunc_end                                      /tmp/ccyWvHmd.o
_ramfunc_image_begin                              /tmp/ccyWvHmd.o
_ramfunc_length                                   /tmp/ccyWvHmd.o
_reset                                            /tmp/ccyWvHmd.o
_stack                                            /tmp/ccyWvHmd.o
_vector_spacing                                   /tmp/ccyWvHmd.o
main                                              /tmp/ccKU5XtV.o
                                                  /tmp/ccyWvHmd.o
token_type_indicator_bits                         /tmp/ccg3qiEv.o
